// Jest Snapshot v1, https://goo.gl/fbAQLP

exports[`should create an element 1`] = `
WordDocument {
  "doc": officegen {
    "_events": Object {
      "afterGen": [Function],
      "beforeGen": [Function],
      "clearData": [Function],
      "clearDoc": [Function],
      "clearDocType": [Function],
    },
    "_eventsCount": 5,
    "_maxListeners": undefined,
    "addPageBreak": [Function],
    "addResourceToParse": [Function],
    "cbMakeDocxDocument": [Function],
    "createByJson": [Function],
    "createJson": [Function],
    "createListOfDots": [Function],
    "createListOfNumbers": [Function],
    "createP": [Function],
    "createTable": [Function],
    "data": Array [],
    "generate": [Function],
    "getFooter": [Function],
    "getHeader": [Function],
    "info": Object {
      "cp:category": Object {
        "data": "",
        "def_data": "",
        "element": "cp:category",
      },
      "cp:contentStatus": Object {
        "data": "",
        "def_data": "",
        "element": "cp:contentStatus",
      },
      "cp:keywords": Object {
        "data": "",
        "def_data": "",
        "element": "cp:keywords",
      },
      "dc:description": Object {
        "data": "",
        "def_data": "",
        "element": "dc:description",
      },
      "dc:subject": Object {
        "data": "",
        "def_data": "",
        "element": "dc:subject",
      },
      "dc:title": Object {
        "data": "",
        "def_data": "",
        "element": "dc:title",
      },
    },
    "options": Object {
      "type": "docx",
    },
    "putPageBreak": [Function],
    "setDescription": [Function],
    "setDocCategory": [Function],
    "setDocKeywords": [Function],
    "setDocStatus": [Function],
    "setDocSubject": [Function],
    "setDocTitle": [Function],
    "setTheme": [Function],
    "startNewDoc": [Function],
    "theme": null,
  },
}
`;
